generator: already installed, replacing
stashing as generator:0
transient: already installed, replacing
stashing as transient:0
transient: already installed, replacing
stashing as transient:0
default plugins
a2 mytype2
a3 mytype3
a4 mytype4
mytype2 #() a2 ();
mytype3 #() a3 ();
mytype4 #() a4 (.a(0),.b(0));
#           test(a2)   test(a3)   test(a4)  
 27.        2.         3.         4.        
