Gnucap : The Gnu Circuit Analysis Package
Never trust any version less than 1.0
Copyright 1982-2013, Albert Davis
Gnucap comes with ABSOLUTELY NO WARRANTY
This is free software, and you are welcome
to redistribute it under the terms of 
the GNU General Public License, version 3 or later.
See the file "COPYING" for details.
main version
core-lib version
default plugins
generator: already installed, replacing
stashing as generator:0
transient: already installed, replacing
stashing as transient:0
transient: already installed, replacing
stashing as transient:0
#                v(1)            iter(0)         df(ns.vs0)      f(ns.vs0)      
 0.             -1.699983        3.              1.7             1.             
#Time            v(1)            iter(0)         df(ns.vs0)      f(ns.vs0)      
 0.             -1.699983        2.              1.7             1.             
 0.01           -1.683151485     3.              1.7             1.             
 0.0925         -1.549792544     3.              1.7             1.             
 0.395          -1.142572353     3.              1.7             1.             
 1.             -0.6118573639    3.              1.7             1.             

