generator: already installed, replacing
stashing as generator:0
transient: already installed, replacing
stashing as transient:0
transient: already installed, replacing
stashing as transient:0
default plugins
y: already installed, replacing
stashing as y:0
a0 mytype0
a1 mytype1
a2 mytype2
r resistor
running mysim...
