generator: already installed, replacing
stashing as generator:0
transient: already installed, replacing
stashing as transient:0
transient: already installed, replacing
stashing as transient:0
default plugins: master 2017.10.03
ppp NA( NA)
gotit. <class 'gnucap.u_parameter.PARAMETERd'>
====3b
====bool
[True, False]
====int
[True, 1]
====intlist
True [0]
====0
True
====
True
====2
False
? [True, 1]
====4
====5
k=-.1 ....
True
-0.1
